{
  "versionState": "PREPARE_FOR_SUBMISSION",
  "versionBuild": {
    "type": "builds",
    "id": "4908047a-ce7c-4adf-8123-8ab8316cb35e"
  },
  "reviewSubmissions": [
    {
      "id": "386173d5-185a-4e65-afc6-8c7fda3ed7dd",
      "state": "READY_FOR_REVIEW",
      "submittedDate": null,
      "items": []
    },
    {
      "id": "4b63ce5d-0c84-4d92-9f3d-127c449be635",
      "state": "UNRESOLVED_ISSUES",
      "submittedDate": "2026-07-07T06:40:14.26Z",
      "items": [
        {
          "type": "reviewSubmissionItems",
          "id": "NGI2M2NlNWQtMGM4NC00ZDkyLTlmM2QtMTI3YzQ0OWJlNjM1fDZ8ODg2NDU3MDM5"
        }
      ]
    },
    {
      "id": "4530170b-d575-4d17-9e3e-18fb37affc65",
      "state": "COMPLETE",
      "submittedDate": "2026-07-05T18:23:17.852Z",
      "items": [
        {
          "type": "reviewSubmissionItems",
          "id": "NDUzMDE3MGItZDU3NS00ZDE3LTllM2UtMThmYjM3YWZmYzY1fDZ8ODg2NDU3MDM5"
        }
      ]
    }
  ],
  "included": [
    {
      "type": "reviewSubmissionItems",
      "id": "NGI2M2NlNWQtMGM4NC00ZDkyLTlmM2QtMTI3YzQ0OWJlNjM1fDZ8ODg2NDU3MDM5",
      "state": "REJECTED"
    },
    {
      "type": "reviewSubmissionItems",
      "id": "NDUzMDE3MGItZDU3NS00ZDE3LTllM2UtMThmYjM3YWZmYzY1fDZ8ODg2NDU3MDM5",
      "state": "REMOVED"
    }
  ],
  "errors": [
    {
      "step": "patchItemRelationshipsOnly",
      "status": 409,
      "body": {
        "errors": [
          {
            "id": "dd47eade-2a68-44cc-aa57-5753ec4b6c89",
            "status": "409",
            "code": "ENTITY_ERROR.RELATIONSHIP.NOT_ALLOWED",
            "title": "A relationship in the provided entity is not allowed for this request",
            "detail": "The relationship 'appStoreVersion' can not be included in a 'UPDATE' operation",
            "source": {
              "pointer": "/data/relationships/appStoreVersion"
            }
          },
          {
            "id": "0058846a-260b-4228-9dc6-da46fc3972a8",
            "status": "409",
            "code": "ENTITY_ERROR.RELATIONSHIP.NOT_ALLOWED",
            "title": "A relationship in the provided entity is not allowed for this request",
            "detail": "The relationship 'reviewSubmission' can not be included in a 'UPDATE' operation",
            "source": {
              "pointer": "/data/relationships/reviewSubmission"
            }
          }
        ]
      }
    },
    {
      "step": "patchItemStateReady",
      "status": 409,
      "body": {
        "errors": [
          {
            "id": "e76de632-fb0a-4f1a-af06-eaac0ccfbb1f",
            "status": "409",
            "code": "ENTITY_ERROR.ATTRIBUTE.NOT_ALLOWED",
            "title": "An attribute in the provided entity is not allowed for this request",
            "detail": "The attribute 'state' can not be included in a 'UPDATE' operation",
            "source": {
              "pointer": "/data/attributes/state"
            }
          },
          {
            "id": "fd10406a-7f98-42bb-8e3d-5f1bf3fb333c",
            "status": "409",
            "code": "ENTITY_ERROR.RELATIONSHIP.NOT_ALLOWED",
            "title": "A relationship in the provided entity is not allowed for this request",
            "detail": "The relationship 'appStoreVersion' can not be included in a 'UPDATE' operation",
            "source": {
              "pointer": "/data/relationships/appStoreVersion"
            }
          },
          {
            "id": "72bec809-c1a4-40e2-a09e-69d7d079f271",
            "status": "409",
            "code": "ENTITY_ERROR.RELATIONSHIP.NOT_ALLOWED",
            "title": "A relationship in the provided entity is not allowed for this request",
            "detail": "The relationship 'reviewSubmission' can not be included in a 'UPDATE' operation",
            "source": {
              "pointer": "/data/relationships/reviewSubmission"
            }
          }
        ]
      }
    },
    {
      "step": "patchItemStateWaiting",
      "status": 409,
      "body": {
        "errors": [
          {
            "id": "5b3bd25d-0c0f-4880-85ae-9c1b4a3ab4ff",
            "status": "409",
            "code": "ENTITY_ERROR.ATTRIBUTE.NOT_ALLOWED",
            "title": "An attribute in the provided entity is not allowed for this request",
            "detail": "The attribute 'state' can not be included in a 'UPDATE' operation",
            "source": {
              "pointer": "/data/attributes/state"
            }
          },
          {
            "id": "c660541c-9a04-46fe-8eb0-4e89e6a2b020",
            "status": "409",
            "code": "ENTITY_ERROR.RELATIONSHIP.NOT_ALLOWED",
            "title": "A relationship in the provided entity is not allowed for this request",
            "detail": "The relationship 'appStoreVersion' can not be included in a 'UPDATE' operation",
            "source": {
              "pointer": "/data/relationships/appStoreVersion"
            }
          },
          {
            "id": "02ca457e-59e0-43a3-bd5c-dd22638628e0",
            "status": "409",
            "code": "ENTITY_ERROR.RELATIONSHIP.NOT_ALLOWED",
            "title": "A relationship in the provided entity is not allowed for this request",
            "detail": "The relationship 'reviewSubmission' can not be included in a 'UPDATE' operation",
            "source": {
              "pointer": "/data/relationships/reviewSubmission"
            }
          }
        ]
      }
    }
  ]
}
