{
  "deleteEmptySubmission": "failed",
  "reviewSubmissions": [
    {
      "id": "386173d5-185a-4e65-afc6-8c7fda3ed7dd",
      "state": "READY_FOR_REVIEW",
      "submittedDate": null,
      "items": []
    },
    {
      "id": "4b63ce5d-0c84-4d92-9f3d-127c449be635",
      "state": "UNRESOLVED_ISSUES",
      "submittedDate": "2026-07-07T06:40:14.26Z",
      "items": [
        {
          "type": "reviewSubmissionItems",
          "id": "NGI2M2NlNWQtMGM4NC00ZDkyLTlmM2QtMTI3YzQ0OWJlNjM1fDZ8ODg2NDU3MDM5"
        }
      ]
    },
    {
      "id": "4530170b-d575-4d17-9e3e-18fb37affc65",
      "state": "COMPLETE",
      "submittedDate": "2026-07-05T18:23:17.852Z",
      "items": [
        {
          "type": "reviewSubmissionItems",
          "id": "NDUzMDE3MGItZDU3NS00ZDE3LTllM2UtMThmYjM3YWZmYzY1fDZ8ODg2NDU3MDM5"
        }
      ]
    }
  ],
  "included": [
    {
      "type": "reviewSubmissionItems",
      "id": "NGI2M2NlNWQtMGM4NC00ZDkyLTlmM2QtMTI3YzQ0OWJlNjM1fDZ8ODg2NDU3MDM5",
      "state": "REJECTED"
    },
    {
      "type": "reviewSubmissionItems",
      "id": "NDUzMDE3MGItZDU3NS00ZDE3LTllM2UtMThmYjM3YWZmYzY1fDZ8ODg2NDU3MDM5",
      "state": "REMOVED"
    }
  ],
  "errors": [
    {
      "step": "deleteEmptySubmission",
      "status": 403,
      "body": {
        "errors": [
          {
            "id": "bcaf0b39-b08b-43c5-a13d-fb58f7639e0f",
            "status": "403",
            "code": "FORBIDDEN_ERROR",
            "title": "The given operation is not allowed",
            "detail": "The resource 'reviewSubmissions' does not allow 'DELETE'. Allowed operations are: CREATE, GET_COLLECTION, GET_INSTANCE, UPDATE"
          }
        ]
      }
    }
  ]
}
