{
  "beforeState": "PREPARE_FOR_SUBMISSION",
  "beforeBuild": {
    "type": "builds",
    "id": "4908047a-ce7c-4adf-8123-8ab8316cb35e"
  },
  "createdReviewSubmission": {
    "id": "386173d5-185a-4e65-afc6-8c7fda3ed7dd",
    "state": "READY_FOR_REVIEW"
  },
  "chosenReviewSubmissionId": "386173d5-185a-4e65-afc6-8c7fda3ed7dd",
  "createdReviewSubmissionItem": null,
  "afterState": "PREPARE_FOR_SUBMISSION",
  "afterBuild": {
    "type": "builds",
    "id": "4908047a-ce7c-4adf-8123-8ab8316cb35e"
  },
  "afterReviewSubmissions": [
    {
      "id": "386173d5-185a-4e65-afc6-8c7fda3ed7dd",
      "state": "READY_FOR_REVIEW",
      "submittedDate": null,
      "items": []
    },
    {
      "id": "4b63ce5d-0c84-4d92-9f3d-127c449be635",
      "state": "UNRESOLVED_ISSUES",
      "submittedDate": "2026-07-07T06:40:14.26Z",
      "items": [
        {
          "type": "reviewSubmissionItems",
          "id": "NGI2M2NlNWQtMGM4NC00ZDkyLTlmM2QtMTI3YzQ0OWJlNjM1fDZ8ODg2NDU3MDM5"
        }
      ]
    },
    {
      "id": "4530170b-d575-4d17-9e3e-18fb37affc65",
      "state": "COMPLETE",
      "submittedDate": "2026-07-05T18:23:17.852Z",
      "items": [
        {
          "type": "reviewSubmissionItems",
          "id": "NDUzMDE3MGItZDU3NS00ZDE3LTllM2UtMThmYjM3YWZmYzY1fDZ8ODg2NDU3MDM5"
        }
      ]
    }
  ],
  "errors": [
    {
      "step": "createReviewSubmissionItem",
      "status": 409,
      "body": {
        "errors": [
          {
            "id": "24d8acfe-61c0-4845-9ae1-c06e19ebece4",
            "status": "409",
            "code": "STATE_ERROR.ENTITY_STATE_INVALID",
            "title": "appStoreVersions with id '886457039' is not in valid state.",
            "detail": "This resource cannot be reviewed, please check associated errors to see why.",
            "meta": {
              "associatedErrors": {
                "/appStoreVersions/886457039": [
                  {
                    "id": "9e68fc9b-5ec4-4546-9561-2971806d1528",
                    "status": "409",
                    "code": "STATE_ERROR.ITEM_PART_OF_ANOTHER_SUBMISSION",
                    "title": "Item is already present in another reviewSubmission",
                    "detail": "appStoreVersions with id 886457039 was already added to another reviewSubmission with id 4b63ce5d-0c84-4d92-9f3d-127c449be635"
                  }
                ]
              }
            }
          }
        ]
      }
    }
  ]
}
